// Jest Snapshot v1, https://goo.gl/fbAQLP

exports[`Testing the eventHead, eventBody, EventView function with snapshot 1`] = `
<div
  className="row events"
>
  <div
    className="col-12 event-separator"
  >
    <hr />
  </div>
  <div
    className="slow-transition col-12 full-event"
  >
    <div
      className="list"
    >
      <div>
        <div
          className="row"
        >
          <div
            className="col-6 day-header"
          >
            17-11-2019, Sunday
          </div>
        </div>
        <div
          className="events-list"
        >
          <div
            className="row event flightSet"
          >
            <div
              className="col-12"
            >
              <div
                className="row head"
              >
                <div
                  className="col-6"
                >
                  <i
                    className="fal fa-plane"
                  />
                </div>
                <div
                  className="col-6 text-right"
                >
                  06:00
                </div>
                <hr />
              </div>
            </div>
            <div
              className="col-12"
            >
              <div
                className="row body"
              >
                <div
                  className="col-6"
                >
                  <a
                    className="title event-flightSet-id-1"
                    href="#"
                    onClick={[Function]}
                  >
                    Flight to london
                  </a>
                </div>
                <div
                  className="col-6 text-right"
                >
                  Ends at: 
                  10:00
                </div>
                <div
                  className="col-12"
                >
                  <p>
                    TBDs
                  </p>
                </div>
              </div>
            </div>
          </div>
          <div
            className="row event accommodationSet"
          >
            <div
              className="col-12"
            >
              <div
                className="row head"
              >
                <div
                  className="col-6"
                >
                  <i
                    className="fal fa-hotel"
                  />
                </div>
                <div
                  className="col-6 text-right"
                >
                  16:00
                </div>
                <hr />
              </div>
            </div>
            <div
              className="col-12"
            >
              <div
                className="row body"
              >
                <div
                  className="col-6"
                >
                  <a
                    className="title event-accommodationSet-id-1"
                    href="#"
                    onClick={[Function]}
                  >
                    Hotel Gibson
                  </a>
                </div>
                <div
                  className="col-6 text-right"
                >
                  Ends at: 
                  21-11-2019 10:00
                </div>
                <div
                  className="col-12"
                >
                  <p>
                    TBDs
                  </p>
                </div>
              </div>
            </div>
          </div>
        </div>
      </div>
      <div>
        <div
          className="row"
        >
          <div
            className="col-6 day-header"
          >
            18-11-2019, Monday
          </div>
        </div>
        <div
          className="events-list"
        >
          <div
            className="row event accommodationSet"
          >
            <div
              className="col-12"
            >
              <div
                className="row head"
              >
                <div
                  className="col-6"
                >
                  <i
                    className="fal fa-hotel"
                  />
                </div>
                <div
                  className="col-6 text-right"
                >
                  08:00
                </div>
                <hr />
              </div>
            </div>
            <div
              className="col-12"
            >
              <div
                className="row body"
              >
                <div
                  className="col-6"
                >
                  <a
                    className="title event-accommodationSet-id-2"
                    href="#"
                    onClick={[Function]}
                  >
                    Demo at clinic in London
                  </a>
                </div>
                <div
                  className="col-6 text-right"
                >
                  Ends at: 
                  09:00
                </div>
                <div
                  className="col-12"
                >
                  <p>
                    TBDs
                  </p>
                </div>
              </div>
            </div>
          </div>
          <div
            className="row event accommodationSet"
          >
            <div
              className="col-12"
            >
              <div
                className="row head"
              >
                <div
                  className="col-6"
                >
                  <i
                    className="fal fa-hotel"
                  />
                </div>
                <div
                  className="col-6 text-right"
                >
                  10:00
                </div>
                <hr />
              </div>
            </div>
            <div
              className="col-12"
            >
              <div
                className="row body"
              >
                <div
                  className="col-6"
                >
                  <a
                    className="title event-accommodationSet-id-3"
                    href="#"
                    onClick={[Function]}
                  >
                    Lunch with John
                  </a>
                </div>
                <div
                  className="col-6 text-right"
                >
                  Ends at: 
                  11:30
                </div>
                <div
                  className="col-12"
                >
                  <p>
                    TBDs
                  </p>
                </div>
              </div>
            </div>
          </div>
          <div
            className="row event pickingcarSet"
          >
            <div
              className="col-12"
            >
              <div
                className="row head"
              >
                <div
                  className="col-6"
                >
                  <i
                    className="fal fa-car"
                  />
                </div>
                <div
                  className="col-6 text-right"
                >
                  12:00
                </div>
                <hr />
              </div>
            </div>
            <div
              className="col-12"
            >
              <div
                className="row body"
              >
                <div
                  className="col-6"
                >
                  <a
                    className="title event-pickingcarSet-id-1"
                    href="#"
                    onClick={[Function]}
                  >
                    Picking car
                  </a>
                </div>
                <div
                  className="col-6 text-right"
                >
                  Ends at: 
                  12:00
                </div>
                <div
                  className="col-12"
                >
                  <p>
                    TBDs
                  </p>
                </div>
              </div>
            </div>
          </div>
          <div
            className="row event meetingconjunctionSet"
          >
            <div
              className="col-12"
            >
              <div
                className="row head"
              >
                <div
                  className="col-6"
                >
                  <i
                    className="fal fa-user-friends"
                  />
                </div>
                <div
                  className="col-6 text-right"
                >
                  17:00
                </div>
                <hr />
              </div>
            </div>
            <div
              className="col-12"
            >
              <div
                className="row body"
              >
                <div
                  className="col-6"
                >
                  <a
                    className="title event-meetingconjunctionSet-id-2"
                    href="#"
                    onClick={[Function]}
                  >
                    Picking employees
                  </a>
                </div>
                <div
                  className="col-6 text-right"
                >
                  Ends at: 
                  17:00
                </div>
                <div
                  className="col-12"
                >
                  <p>
                    TBDs
                  </p>
                </div>
              </div>
            </div>
          </div>
        </div>
      </div>
      <div>
        <div
          className="row"
        >
          <div
            className="col-6 day-header"
          >
            19-11-2019, Tuesday
          </div>
        </div>
        <div
          className="events-list"
        >
          <div
            className="row event accommodationSet"
          >
            <div
              className="col-12"
            >
              <div
                className="row head"
              >
                <div
                  className="col-6"
                >
                  <i
                    className="fal fa-hotel"
                  />
                </div>
                <div
                  className="col-6 text-right"
                >
                  06:00
                </div>
                <hr />
              </div>
            </div>
            <div
              className="col-12"
            >
              <div
                className="row body"
              >
                <div
                  className="col-6"
                >
                  <a
                    className="title event-accommodationSet-id-4"
                    href="#"
                    onClick={[Function]}
                  >
                    Demo at a clinic
                  </a>
                </div>
                <div
                  className="col-6 text-right"
                >
                  Ends at: 
                  07:30
                </div>
                <div
                  className="col-12"
                >
                  <p>
                    TBDs
                  </p>
                </div>
              </div>
            </div>
          </div>
          <div
            className="row event accommodationSet"
          >
            <div
              className="col-12"
            >
              <div
                className="row head"
              >
                <div
                  className="col-6"
                >
                  <i
                    className="fal fa-hotel"
                  />
                </div>
                <div
                  className="col-6 text-right"
                >
                  08:00
                </div>
                <hr />
              </div>
            </div>
            <div
              className="col-12"
            >
              <div
                className="row body"
              >
                <div
                  className="col-6"
                >
                  <a
                    className="title event-accommodationSet-id-5"
                    href="#"
                    onClick={[Function]}
                  >
                    Driving to stonehenge
                  </a>
                </div>
                <div
                  className="col-6 text-right"
                >
                  Ends at: 
                  08:00
                </div>
                <div
                  className="col-12"
                >
                  <p>
                    TBDs
                  </p>
                </div>
              </div>
            </div>
          </div>
          <div
            className="row event accommodationSet"
          >
            <div
              className="col-12"
            >
              <div
                className="row head"
              >
                <div
                  className="col-6"
                >
                  <i
                    className="fal fa-hotel"
                  />
                </div>
                <div
                  className="col-6 text-right"
                >
                  12:00
                </div>
                <hr />
              </div>
            </div>
            <div
              className="col-12"
            >
              <div
                className="row body"
              >
                <div
                  className="col-6"
                >
                  <a
                    className="title event-accommodationSet-id-6"
                    href="#"
                    onClick={[Function]}
                  >
                    Luch
                  </a>
                </div>
                <div
                  className="col-6 text-right"
                >
                  Ends at: 
                  13:30
                </div>
                <div
                  className="col-12"
                >
                  <p>
                    TBDs
                  </p>
                </div>
              </div>
            </div>
          </div>
          <div
            className="row event accommodationSet"
          >
            <div
              className="col-12"
            >
              <div
                className="row head"
              >
                <div
                  className="col-6"
                >
                  <i
                    className="fal fa-hotel"
                  />
                </div>
                <div
                  className="col-6 text-right"
                >
                  14:00
                </div>
                <hr />
              </div>
            </div>
            <div
              className="col-12"
            >
              <div
                className="row body"
              >
                <div
                  className="col-6"
                >
                  <a
                    className="title event-accommodationSet-id-7"
                    href="#"
                    onClick={[Function]}
                  >
                    Driving to manchenter
                  </a>
                </div>
                <div
                  className="col-6 text-right"
                >
                  Ends at: 
                  20:00
                </div>
                <div
                  className="col-12"
                >
                  <p>
                    TBDs
                  </p>
                </div>
              </div>
            </div>
          </div>
        </div>
      </div>
      <div>
        <div
          className="row"
        >
          <div
            className="col-6 day-header"
          >
            20-11-2019, Wednesday
          </div>
        </div>
        <div
          className="events-list"
        >
          <div
            className="row event accommodationSet"
          >
            <div
              className="col-12"
            >
              <div
                className="row head"
              >
                <div
                  className="col-6"
                >
                  <i
                    className="fal fa-hotel"
                  />
                </div>
                <div
                  className="col-6 text-right"
                >
                  08:00
                </div>
                <hr />
              </div>
            </div>
            <div
              className="col-12"
            >
              <div
                className="row body"
              >
                <div
                  className="col-6"
                >
                  <a
                    className="title event-accommodationSet-id-8"
                    href="#"
                    onClick={[Function]}
                  >
                    demo at a clinic
                  </a>
                </div>
                <div
                  className="col-6 text-right"
                >
                  Ends at: 
                  12:00
                </div>
                <div
                  className="col-12"
                >
                  <p>
                    TBDs
                  </p>
                </div>
              </div>
            </div>
          </div>
          <div
            className="row event accommodationSet"
          >
            <div
              className="col-12"
            >
              <div
                className="row head"
              >
                <div
                  className="col-6"
                >
                  <i
                    className="fal fa-hotel"
                  />
                </div>
                <div
                  className="col-6 text-right"
                >
                  13:00
                </div>
                <hr />
              </div>
            </div>
            <div
              className="col-12"
            >
              <div
                className="row body"
              >
                <div
                  className="col-6"
                >
                  <a
                    className="title event-accommodationSet-id-9"
                    href="#"
                    onClick={[Function]}
                  >
                    Back to the hotel
                  </a>
                </div>
                <div
                  className="col-6 text-right"
                >
                  Ends at: 
                  13:00
                </div>
                <div
                  className="col-12"
                >
                  <p>
                    TBDs
                  </p>
                </div>
              </div>
            </div>
          </div>
        </div>
      </div>
    </div>
  </div>
</div>
`;
