// Jest Snapshot v1, https://goo.gl/fbAQLP

exports[`Testing the eventHead, eventBody, EventView function with snapshot 1`] = `
<div
  className="mt-6 grid grid-cols-1"
>
  <div>
    <div>
      <div>
        <h3
          className="text-3xl m-0 m-auto pb-3 text-center"
        >
          17-11-2019, Sunday
        </h3>
        <hr
          className="w-1/2 m-0 m-auto p-2 border-purple-400 border-t-2 border-dashed"
        />
        <div
          className="border-l-2 border-dashed border-undefined-500 border-r-2 border-dashed border-undefined-500 bg-gray-1000 p-2 mb-4"
        >
          <div
            className="flex flex-row justify-between pl-2 pr-2"
          >
            <span
              className="text-2xl text-undefined-500 font-bold"
            />
            <span>
              06:00
            </span>
          </div>
          <hr
            className="bg-orange-500 mt-2 mb-1"
          />
          <div
            className="flex flex-row justify-between pt-3 pl-2 pr-2"
          >
            <a
              className="title event-flightSet-id-1 font-bold text-lg"
              href="#"
              onClick={[Function]}
            >
              Flight to london
            </a>
            <span
              className="text-lg"
            >
              Ends at: 
              10:00
            </span>
          </div>
          <p
            className="pt-3 pl-2 pr-2"
          >
            TBD
          </p>
        </div>
        <div
          className="border-l-2 border-dashed border-undefined-500 border-r-2 border-dashed border-undefined-500 bg-gray-1000 p-2 mb-4"
        >
          <div
            className="flex flex-row justify-between pl-2 pr-2"
          >
            <span
              className="text-2xl text-undefined-500 font-bold"
            />
            <span>
              16:00
            </span>
          </div>
          <hr
            className="bg-orange-500 mt-2 mb-1"
          />
          <div
            className="flex flex-row justify-between pt-3 pl-2 pr-2"
          >
            <a
              className="title event-accommodationSet-id-1 font-bold text-lg"
              href="#"
              onClick={[Function]}
            >
              Hotel Gibson
            </a>
            <span
              className="text-lg"
            >
              Ends at: 
              21-11-2019 10:00
            </span>
          </div>
          <p
            className="pt-3 pl-2 pr-2"
          >
            TBD
          </p>
        </div>
      </div>
      <div>
        <h3
          className="text-3xl m-0 m-auto pb-3 text-center"
        >
          18-11-2019, Monday
        </h3>
        <hr
          className="w-1/2 m-0 m-auto p-2 border-purple-400 border-t-2 border-dashed"
        />
        <div
          className="border-l-2 border-dashed border-undefined-500 border-r-2 border-dashed border-undefined-500 bg-gray-1000 p-2 mb-4"
        >
          <div
            className="flex flex-row justify-between pl-2 pr-2"
          >
            <span
              className="text-2xl text-undefined-500 font-bold"
            />
            <span>
              08:00
            </span>
          </div>
          <hr
            className="bg-orange-500 mt-2 mb-1"
          />
          <div
            className="flex flex-row justify-between pt-3 pl-2 pr-2"
          >
            <a
              className="title event-accommodationSet-id-2 font-bold text-lg"
              href="#"
              onClick={[Function]}
            >
              Demo at clinic in London
            </a>
            <span
              className="text-lg"
            >
              Ends at: 
              09:00
            </span>
          </div>
          <p
            className="pt-3 pl-2 pr-2"
          >
            TBD
          </p>
        </div>
        <div
          className="border-l-2 border-dashed border-undefined-500 border-r-2 border-dashed border-undefined-500 bg-gray-1000 p-2 mb-4"
        >
          <div
            className="flex flex-row justify-between pl-2 pr-2"
          >
            <span
              className="text-2xl text-undefined-500 font-bold"
            />
            <span>
              10:00
            </span>
          </div>
          <hr
            className="bg-orange-500 mt-2 mb-1"
          />
          <div
            className="flex flex-row justify-between pt-3 pl-2 pr-2"
          >
            <a
              className="title event-accommodationSet-id-3 font-bold text-lg"
              href="#"
              onClick={[Function]}
            >
              Lunch with John
            </a>
            <span
              className="text-lg"
            >
              Ends at: 
              11:30
            </span>
          </div>
          <p
            className="pt-3 pl-2 pr-2"
          >
            TBD
          </p>
        </div>
        <div
          className="border-l-2 border-dashed border-undefined-500 border-r-2 border-dashed border-undefined-500 bg-gray-1000 p-2 mb-4"
        >
          <div
            className="flex flex-row justify-between pl-2 pr-2"
          >
            <span
              className="text-2xl text-undefined-500 font-bold"
            />
            <span>
              12:00
            </span>
          </div>
          <hr
            className="bg-orange-500 mt-2 mb-1"
          />
          <div
            className="flex flex-row justify-between pt-3 pl-2 pr-2"
          >
            <a
              className="title event-pickingcarSet-id-1 font-bold text-lg"
              href="#"
              onClick={[Function]}
            >
              Picking car
            </a>
            <span
              className="text-lg"
            >
              Ends at: 
              12:00
            </span>
          </div>
          <p
            className="pt-3 pl-2 pr-2"
          >
            TBD
          </p>
        </div>
        <div
          className="border-l-2 border-dashed border-undefined-500 border-r-2 border-dashed border-undefined-500 bg-gray-1000 p-2 mb-4"
        >
          <div
            className="flex flex-row justify-between pl-2 pr-2"
          >
            <span
              className="text-2xl text-undefined-500 font-bold"
            />
            <span>
              17:00
            </span>
          </div>
          <hr
            className="bg-orange-500 mt-2 mb-1"
          />
          <div
            className="flex flex-row justify-between pt-3 pl-2 pr-2"
          >
            <a
              className="title event-meetingconjunctionSet-id-2 font-bold text-lg"
              href="#"
              onClick={[Function]}
            >
              Picking employees
            </a>
            <span
              className="text-lg"
            >
              Ends at: 
              17:00
            </span>
          </div>
          <p
            className="pt-3 pl-2 pr-2"
          >
            TBD
          </p>
        </div>
      </div>
      <div>
        <h3
          className="text-3xl m-0 m-auto pb-3 text-center"
        >
          19-11-2019, Tuesday
        </h3>
        <hr
          className="w-1/2 m-0 m-auto p-2 border-purple-400 border-t-2 border-dashed"
        />
        <div
          className="border-l-2 border-dashed border-undefined-500 border-r-2 border-dashed border-undefined-500 bg-gray-1000 p-2 mb-4"
        >
          <div
            className="flex flex-row justify-between pl-2 pr-2"
          >
            <span
              className="text-2xl text-undefined-500 font-bold"
            />
            <span>
              06:00
            </span>
          </div>
          <hr
            className="bg-orange-500 mt-2 mb-1"
          />
          <div
            className="flex flex-row justify-between pt-3 pl-2 pr-2"
          >
            <a
              className="title event-accommodationSet-id-4 font-bold text-lg"
              href="#"
              onClick={[Function]}
            >
              Demo at a clinic
            </a>
            <span
              className="text-lg"
            >
              Ends at: 
              07:30
            </span>
          </div>
          <p
            className="pt-3 pl-2 pr-2"
          >
            TBD
          </p>
        </div>
        <div
          className="border-l-2 border-dashed border-undefined-500 border-r-2 border-dashed border-undefined-500 bg-gray-1000 p-2 mb-4"
        >
          <div
            className="flex flex-row justify-between pl-2 pr-2"
          >
            <span
              className="text-2xl text-undefined-500 font-bold"
            />
            <span>
              08:00
            </span>
          </div>
          <hr
            className="bg-orange-500 mt-2 mb-1"
          />
          <div
            className="flex flex-row justify-between pt-3 pl-2 pr-2"
          >
            <a
              className="title event-accommodationSet-id-5 font-bold text-lg"
              href="#"
              onClick={[Function]}
            >
              Driving to stonehenge
            </a>
            <span
              className="text-lg"
            >
              Ends at: 
              08:00
            </span>
          </div>
          <p
            className="pt-3 pl-2 pr-2"
          >
            TBD
          </p>
        </div>
        <div
          className="border-l-2 border-dashed border-undefined-500 border-r-2 border-dashed border-undefined-500 bg-gray-1000 p-2 mb-4"
        >
          <div
            className="flex flex-row justify-between pl-2 pr-2"
          >
            <span
              className="text-2xl text-undefined-500 font-bold"
            />
            <span>
              12:00
            </span>
          </div>
          <hr
            className="bg-orange-500 mt-2 mb-1"
          />
          <div
            className="flex flex-row justify-between pt-3 pl-2 pr-2"
          >
            <a
              className="title event-accommodationSet-id-6 font-bold text-lg"
              href="#"
              onClick={[Function]}
            >
              Luch
            </a>
            <span
              className="text-lg"
            >
              Ends at: 
              13:30
            </span>
          </div>
          <p
            className="pt-3 pl-2 pr-2"
          >
            TBD
          </p>
        </div>
        <div
          className="border-l-2 border-dashed border-undefined-500 border-r-2 border-dashed border-undefined-500 bg-gray-1000 p-2 mb-4"
        >
          <div
            className="flex flex-row justify-between pl-2 pr-2"
          >
            <span
              className="text-2xl text-undefined-500 font-bold"
            />
            <span>
              14:00
            </span>
          </div>
          <hr
            className="bg-orange-500 mt-2 mb-1"
          />
          <div
            className="flex flex-row justify-between pt-3 pl-2 pr-2"
          >
            <a
              className="title event-accommodationSet-id-7 font-bold text-lg"
              href="#"
              onClick={[Function]}
            >
              Driving to manchenter
            </a>
            <span
              className="text-lg"
            >
              Ends at: 
              20:00
            </span>
          </div>
          <p
            className="pt-3 pl-2 pr-2"
          >
            TBD
          </p>
        </div>
      </div>
      <div>
        <h3
          className="text-3xl m-0 m-auto pb-3 text-center"
        >
          20-11-2019, Wednesday
        </h3>
        <hr
          className="w-1/2 m-0 m-auto p-2 border-purple-400 border-t-2 border-dashed"
        />
        <div
          className="border-l-2 border-dashed border-undefined-500 border-r-2 border-dashed border-undefined-500 bg-gray-1000 p-2 mb-4"
        >
          <div
            className="flex flex-row justify-between pl-2 pr-2"
          >
            <span
              className="text-2xl text-undefined-500 font-bold"
            />
            <span>
              08:00
            </span>
          </div>
          <hr
            className="bg-orange-500 mt-2 mb-1"
          />
          <div
            className="flex flex-row justify-between pt-3 pl-2 pr-2"
          >
            <a
              className="title event-accommodationSet-id-8 font-bold text-lg"
              href="#"
              onClick={[Function]}
            >
              demo at a clinic
            </a>
            <span
              className="text-lg"
            >
              Ends at: 
              12:00
            </span>
          </div>
          <p
            className="pt-3 pl-2 pr-2"
          >
            TBD
          </p>
        </div>
        <div
          className="border-l-2 border-dashed border-undefined-500 border-r-2 border-dashed border-undefined-500 bg-gray-1000 p-2 mb-4"
        >
          <div
            className="flex flex-row justify-between pl-2 pr-2"
          >
            <span
              className="text-2xl text-undefined-500 font-bold"
            />
            <span>
              13:00
            </span>
          </div>
          <hr
            className="bg-orange-500 mt-2 mb-1"
          />
          <div
            className="flex flex-row justify-between pt-3 pl-2 pr-2"
          >
            <a
              className="title event-accommodationSet-id-9 font-bold text-lg"
              href="#"
              onClick={[Function]}
            >
              Back to the hotel
            </a>
            <span
              className="text-lg"
            >
              Ends at: 
              13:00
            </span>
          </div>
          <p
            className="pt-3 pl-2 pr-2"
          >
            TBD
          </p>
        </div>
      </div>
    </div>
  </div>
</div>
`;
