// Jest Snapshot v1, https://goo.gl/fbAQLP

exports[`Testing the snapshot of the component 1`] = `
<div>
  <ul
    className="flex flex-row justify-start pt-4"
  >
    <li
      onClick={[Function]}
    >
      <button
        className="
            btn-filter-selected font-bold pt-2 pb-2 pl-4 pr-4 ml-2 rounded
          "
      >
        <span>
          <i
            className="fal fa-calendar-alt"
          />
        </span>
        <span
          className="pl-2"
        >
          All events
        </span>
      </button>
    </li>
    <li
      onClick={[Function]}
    >
      <button
        className="
            btn-filter font-bold pt-2 pb-2 pl-4 pr-4 ml-2 rounded
          "
      >
        <span>
          <i
            className="fal fa-car"
          />
        </span>
        <span
          className="pl-2"
        >
          Picking car
        </span>
      </button>
    </li>
    <li
      onClick={[Function]}
    >
      <button
        className="
            btn-filter font-bold pt-2 pb-2 pl-4 pr-4 ml-2 rounded
          "
      >
        <span>
          <i
            className="fal fa-plane"
          />
        </span>
        <span
          className="pl-2"
        >
          Flight
        </span>
      </button>
    </li>
    <li
      onClick={[Function]}
    >
      <button
        className="
            btn-filter font-bold pt-2 pb-2 pl-4 pr-4 ml-2 rounded
          "
      >
        <span>
          <i
            className="fal fa-hotel"
          />
        </span>
        <span
          className="pl-2"
        >
          Accommodation
        </span>
      </button>
    </li>
    <li
      onClick={[Function]}
    >
      <button
        className="
            btn-filter font-bold pt-2 pb-2 pl-4 pr-4 ml-2 rounded
          "
      >
        <span>
          <i
            className="fal fa-user-friends"
          />
        </span>
        <span
          className="pl-2"
        >
          Meet employees
        </span>
      </button>
    </li>
  </ul>
</div>
`;
