// Jest Snapshot v1, https://goo.gl/fbAQLP

exports[`Testing the header component 1`] = `
<header>
  <div
    className="container mx-auto flex items-end pb-2 pt-2 mt-2 border-teal-1000 border-b"
  >
    <h1
      className="flex-1 text-red-1000 font-bold text-4xl"
    >
      Welcome, dummy
    </h1>
    <div
      className="flex justify-between text-2xl"
    >
      <div
        className="mr-2 mt-1"
      >
        <span
          className="text-red-1000 mr-1"
        >
          <i
            className="fal fa-user-cog"
          />
        </span>
        <a
          href="/settings"
        >
          Settings
        </a>
         |
      </div>
      <div
        className="mr-2 mt-1"
      >
        <span
          className="text-red-1000 mr-1"
        >
          <i
            className="fal fa-sign-out"
          />
        </span>
        <a
          href="auth/logout"
          id="logout"
          onClick={[Function]}
        >
          Logout
        </a>
      </div>
    </div>
  </div>
</header>
`;
