// Jest Snapshot v1, https://goo.gl/fbAQLP

exports[`Testing the header component 1`] = `
<header

>
  <div

  >
    <div

    >
      <h1>
        Welcome, dummy
      </h1>
    </div>
    <div
      className="col-6 menu text-right"
    >
      <ul

      >
        <li

        >
          <i
            className="fal fa-user-cog"
          />

          <a
            href="/settings"
          >
            Settings
          </a>
        </li>
        |
        <li

        >
          <i
            className="fal fa-sign-out"
          />

          <a
            href="auth/logout"
          >
            Logout
          </a>
        </li>
      </ul>
    </div>
  </div>
  <hr />
</header>
`;
